--- Original Content (First 200 chars) ---
