============================= test session starts =============================
platform win32 -- Python 3.13.1, pytest-9.0.1, pluggy-1.6.0 -- F:\src\PythonProject\pscweb3-1\.venv\Scripts\python.exe
cachedir: .pytest_cache
rootdir: F:\src\PythonProject\pscweb3-1
configfile: pytest.ini (WARNING: ignoring pytest config in pyproject.toml!)
plugins: anyio-4.12.0, asyncio-1.3.0, cov-7.0.0
asyncio: mode=Mode.AUTO, debug=False, asyncio_default_fixture_loop_scope=None, asyncio_default_test_loop_scope=function
collecting ... collected 1 item

tests/unit/test_models.py::test_create_user PASSED                       [100%]

============================== warnings summary ===============================
tests/unit/test_models.py::test_create_user
  F:\src\PythonProject\pscweb3-1\.venv\Lib\site-packages\sqlalchemy\sql\schema.py:3624: DeprecationWarning: datetime.datetime.utcnow() is deprecated and scheduled for removal in a future version. Use timezone-aware objects to represent datetimes in UTC: datetime.datetime.now(datetime.UTC).
    return util.wrap_callable(lambda ctx: fn(), fn)  # type: ignore

-- Docs: https://docs.pytest.org/en/stable/how-to/capture-warnings.html
======================== 1 passed, 1 warning in 0.06s =========================
