============================= test session starts =============================
platform win32 -- Python 3.13.1, pytest-9.0.1, pluggy-1.6.0 -- F:\src\PythonProject\pscweb3-1\backend\.venv\Scripts\python.exe
cachedir: .pytest_cache
rootdir: F:\src\PythonProject\pscweb3-1\backend
configfile: pytest.ini (WARNING: ignoring pytest config in pyproject.toml!)
plugins: anyio-4.12.0, cov-7.0.0
collecting ... collected 1 item

tests/unit/test_fountain_parser.py::test_parse_fountain_with_action_togaki ERROR [100%]

=================================== ERRORS ====================================
__________ ERROR at setup of test_parse_fountain_with_action_togaki ___________
.venv\Lib\site-packages\_pytest\runner.py:353: in from_call
    result: TResult | None = func()
                             ^^^^^^
.venv\Lib\site-packages\_pytest\runner.py:245: in <lambda>
    lambda: runtest_hook(item=item, **kwds),
            ^^^^^^^^^^^^^^^^^^^^^^^^^^^^^^^
.venv\Lib\site-packages\pluggy\_hooks.py:512: in __call__
    return self._hookexec(self.name, self._hookimpls.copy(), kwargs, firstresult)
           ^^^^^^^^^^^^^^^^^^^^^^^^^^^^^^^^^^^^^^^^^^^^^^^^^^^^^^^^^^^^^^^^^^^^^^
.venv\Lib\site-packages\pluggy\_manager.py:120: in _hookexec
    return self._inner_hookexec(hook_name, methods, kwargs, firstresult)
           ^^^^^^^^^^^^^^^^^^^^^^^^^^^^^^^^^^^^^^^^^^^^^^^^^^^^^^^^^^^^^
.venv\Lib\site-packages\_pytest\logging.py:843: in pytest_runtest_setup
    yield
.venv\Lib\site-packages\_pytest\capture.py:895: in pytest_runtest_setup
    return (yield)
            ^^^^^
.venv\Lib\site-packages\_pytest\runner.py:165: in pytest_runtest_setup
    item.session._setupstate.setup(item)
.venv\Lib\site-packages\_pytest\runner.py:523: in setup
    col.setup()
.venv\Lib\site-packages\_pytest\python.py:1723: in setup
    self._request._fillfixtures()
.venv\Lib\site-packages\_pytest\fixtures.py:707: in _fillfixtures
    item.funcargs[argname] = self.getfixturevalue(argname)
                             ^^^^^^^^^^^^^^^^^^^^^^^^^^^^^
.venv\Lib\site-packages\_pytest\fixtures.py:539: in getfixturevalue
    fixturedef = self._get_active_fixturedef(argname)
                 ^^^^^^^^^^^^^^^^^^^^^^^^^^^^^^^^^^^^
.venv\Lib\site-packages\_pytest\fixtures.py:627: in _get_active_fixturedef
    fixturedef.execute(request=subrequest)
.venv\Lib\site-packages\_pytest\fixtures.py:1110: in execute
    result: FixtureValue = ihook.pytest_fixture_setup(
.venv\Lib\site-packages\pluggy\_hooks.py:512: in __call__
    return self._hookexec(self.name, self._hookimpls.copy(), kwargs, firstresult)
           ^^^^^^^^^^^^^^^^^^^^^^^^^^^^^^^^^^^^^^^^^^^^^^^^^^^^^^^^^^^^^^^^^^^^^^
.venv\Lib\site-packages\pluggy\_manager.py:120: in _hookexec
    return self._inner_hookexec(hook_name, methods, kwargs, firstresult)
           ^^^^^^^^^^^^^^^^^^^^^^^^^^^^^^^^^^^^^^^^^^^^^^^^^^^^^^^^^^^^^
.venv\Lib\site-packages\pluggy\_callers.py:53: in run_old_style_hookwrapper
    return result.get_result()
           ^^^^^^^^^^^^^^^^^^^
.venv\Lib\site-packages\pluggy\_callers.py:38: in run_old_style_hookwrapper
    res = yield
          ^^^^^
.venv\Lib\site-packages\_pytest\setuponly.py:36: in pytest_fixture_setup
    return (yield)
            ^^^^^
.venv\Lib\site-packages\_pytest\fixtures.py:1188: in pytest_fixture_setup
    warnings.warn(
E   pytest.PytestRemovedIn9Warning: 'test_parse_fountain_with_action_togaki' requested an async fixture 'db', with no plugin or hook that handled it. This is usually an error, as pytest does not natively support it. This will turn into an error in pytest 9.
E   See: https://docs.pytest.org/en/stable/deprecations.html#sync-test-depending-on-async-fixture
============================== warnings summary ===============================
.venv\Lib\site-packages\_pytest\config\__init__.py:1397
  F:\src\PythonProject\pscweb3-1\backend\.venv\Lib\site-packages\_pytest\config\__init__.py:1397: PytestConfigWarning: Unknown config option: asyncio_mode
  
    self._warn_or_fail_if_strict(f"Unknown config option: {key}\n")

tests\unit\test_fountain_parser.py:10
  F:\src\PythonProject\pscweb3-1\backend\tests\unit\test_fountain_parser.py:10: PytestUnknownMarkWarning: Unknown pytest.mark.asyncio - is this a typo?  You can register custom marks to avoid this warning - for details, see https://docs.pytest.org/en/stable/how-to/mark.html
    @pytest.mark.asyncio

tests\unit\test_fountain_parser.py:49
  F:\src\PythonProject\pscweb3-1\backend\tests\unit\test_fountain_parser.py:49: PytestUnknownMarkWarning: Unknown pytest.mark.asyncio - is this a typo?  You can register custom marks to avoid this warning - for details, see https://docs.pytest.org/en/stable/how-to/mark.html
    @pytest.mark.asyncio

tests\unit\test_fountain_parser.py:90
  F:\src\PythonProject\pscweb3-1\backend\tests\unit\test_fountain_parser.py:90: PytestUnknownMarkWarning: Unknown pytest.mark.asyncio - is this a typo?  You can register custom marks to avoid this warning - for details, see https://docs.pytest.org/en/stable/how-to/mark.html
    @pytest.mark.asyncio

tests\unit\test_fountain_parser.py:130
  F:\src\PythonProject\pscweb3-1\backend\tests\unit\test_fountain_parser.py:130: PytestUnknownMarkWarning: Unknown pytest.mark.asyncio - is this a typo?  You can register custom marks to avoid this warning - for details, see https://docs.pytest.org/en/stable/how-to/mark.html
    @pytest.mark.asyncio

tests\unit\test_fountain_parser.py:171
  F:\src\PythonProject\pscweb3-1\backend\tests\unit\test_fountain_parser.py:171: PytestUnknownMarkWarning: Unknown pytest.mark.asyncio - is this a typo?  You can register custom marks to avoid this warning - for details, see https://docs.pytest.org/en/stable/how-to/mark.html
    @pytest.mark.asyncio

tests\unit\test_fountain_parser.py:201
  F:\src\PythonProject\pscweb3-1\backend\tests\unit\test_fountain_parser.py:201: PytestUnknownMarkWarning: Unknown pytest.mark.asyncio - is this a typo?  You can register custom marks to avoid this warning - for details, see https://docs.pytest.org/en/stable/how-to/mark.html
    @pytest.mark.asyncio

tests\unit\test_fountain_parser.py:240
  F:\src\PythonProject\pscweb3-1\backend\tests\unit\test_fountain_parser.py:240: PytestUnknownMarkWarning: Unknown pytest.mark.asyncio - is this a typo?  You can register custom marks to avoid this warning - for details, see https://docs.pytest.org/en/stable/how-to/mark.html
    @pytest.mark.asyncio

-- Docs: https://docs.pytest.org/en/stable/how-to/capture-warnings.html
=========================== short test summary info ===========================
ERROR tests/unit/test_fountain_parser.py::test_parse_fountain_with_action_togaki - pytest.PytestRemovedIn9Warning: 'test_parse_fountain_with_action_togaki' requested an async fixture 'db', with no plugin or hook that handled it. This is usually an error, as pytest does not natively support it. This will turn into an error in pytest 9.
See: https://docs.pytest.org/en/stable/deprecations.html#sync-test-depending-on-async-fixture
======================== 8 warnings, 1 error in 0.14s =========================
